35cfb9eb42c59c42debe7e8a3de0084ae21235d3
    Updating git repository `https://gitlab.com/furkanhaney/axis.git`
   Compiling proc-macro2 v1.0.107
   Compiling quote v1.0.47
   Compiling unicode-ident v1.0.26
   Compiling memchr v2.8.3
   Compiling libc v0.2.189
   Compiling cfg-if v1.0.5
   Compiling glob v0.3.4
   Compiling prettyplease v0.2.37
   Compiling either v1.18.0
   Compiling version_check v0.9.5
   Compiling rustix v0.38.44
   Compiling zerocopy v0.8.57
   Compiling linux-raw-sys v0.4.15
   Compiling generic-array v0.14.7
   Compiling clang-sys v1.9.1
   Compiling bitflags v2.13.2
   Compiling minimal-lexical v0.2.1
   Compiling crc32fast v1.5.2
   Compiling aho-corasick v1.1.5
   Compiling regex-syntax v0.8.11
   Compiling libloading v0.8.9
   Compiling nom v7.1.3
   Compiling find-msvc-tools v0.1.13
   Compiling shlex v2.0.1
   Compiling home v0.5.12
   Compiling bindgen v0.69.5
   Compiling syn v2.0.119
   Compiling syn v3.0.6
   Compiling cc v1.4.7
   Compiling cexpr v0.6.0
   Compiling itertools v0.12.1
   Compiling regex-automata v0.4.18
   Compiling which v4.4.2
   Compiling shlex v1.3.0
   Compiling object v0.36.7
   Compiling object v0.39.1
   Compiling rustc-hash v1.1.0
   Compiling lazycell v1.3.0
   Compiling lazy_static v1.5.0
   Compiling log v0.4.34
   Compiling thiserror v1.0.69
   Compiling anyhow v1.0.104
   Compiling crossbeam-utils v0.8.23
   Compiling parking_lot_core v0.9.12
   Compiling cuda-core v0.3.1
   Compiling getrandom v0.4.3
   Compiling hashbrown v0.17.1
   Compiling equivalent v1.0.2
   Compiling indexmap v2.14.2
   Compiling stacker v0.1.25
   Compiling typenum v1.20.1
   Compiling regex v1.13.1
   Compiling futures-macro v0.3.34
   Compiling linkme-impl v0.3.37
   Compiling foldhash v0.1.5
   Compiling linkme v0.3.37
   Compiling futures-core v0.3.34
   Compiling futures-sink v0.3.34
   Compiling futures-channel v0.3.34
   Compiling hashbrown v0.15.5
   Compiling pin-project-lite v0.2.17
   Compiling futures-io v0.3.34
   Compiling futures-task v0.3.34
   Compiling slab v0.4.12
   Compiling zerocopy-derive v0.8.57
   Compiling thiserror-impl v1.0.69
   Compiling cuda-core-derive v0.3.1
   Compiling ar_archive_writer v0.5.3
   Compiling futures-util v0.3.34
   Compiling psm v0.1.32
   Compiling rand_core v0.6.4
   Compiling smallvec v1.16.1
   Compiling cutile-compiler v0.3.1
   Compiling siphasher v1.0.3
   Compiling scopeguard v1.2.0
   Compiling lock_api v0.4.14
   Compiling phf_shared v0.11.3
   Compiling rand v0.8.8
   Compiling futures-executor v0.3.34
   Compiling oxide-artifacts v0.2.1
   Compiling crypto-common v0.1.7
   Compiling block-buffer v0.10.4
   Compiling cuda-bindings v0.3.1
   Compiling hashbrown v0.14.5
   Compiling serde_core v1.0.229
   Compiling once_cell v1.21.4
   Compiling half v2.7.1
   Compiling dashmap v6.2.1
   Compiling digest v0.10.7
   Compiling futures v0.3.34
   Compiling phf_generator v0.11.3
   Compiling cpufeatures v0.2.17
   Compiling autocfg v1.5.1
   Compiling rustc-hash v2.1.3
   Compiling zmij v1.0.23
   Compiling num-traits v0.2.19
   Compiling sha2 v0.10.9
   Compiling phf_macros v0.11.3
   Compiling uuid v1.26.1
   Compiling cutile-ir v0.3.1
   Compiling serde v1.0.229
   Compiling serde_json v1.0.151
   Compiling unicode-segmentation v1.13.3
   Compiling cuda-async v0.3.1
   Compiling convert_case v0.8.0
   Compiling phf v0.11.3
   Compiling serde_derive v1.0.229
   Compiling itertools v0.14.0
   Compiling itoa v1.0.18
   Compiling cutile-macro v0.3.1
   Compiling cutile v0.3.1
   Compiling axis v0.1.0 (https://gitlab.com/furkanhaney/axis.git?rev=767326049ef661e226a074f3fe551ebcd98613bf#76732604)
   Compiling sudoku-transformer v0.2.0 (/workspace/sudoku-transformer)
    Finished `release` profile [optimized] target(s) in 23.01s
     Running `target/release/sudoku-transformer --smoke`
model bidirectional-transformer layers=1 embedding=12 heads=3 parameters=3129
initial eval_loss=2.850523 blank_accuracy=11.11% solved=0.00%
step=1 samples=2 pre_update_loss=2.978234
step=2 samples=4 pre_update_loss=2.627515
step=3 samples=6 pre_update_loss=2.417432
final eval_loss=2.459293 blank_accuracy=13.89% solved=0.00% elapsed_s=5.47
IDR STATUS

samples consumed:      6
unique sample IDs:     6
available population:  generated stream
observed reuse:         0.0000%
max observed reuse:     0.0000%

PASS
TRAIN/EVALUATION DISJOINTNESS

unique training IDs:    6
unique evaluation IDs:  2
observed overlap:        0

PASS
PASS: bidirectional Sudoku transformer trained on fresh generated boards
real 37.80
user 156.46
sys 15.78
