   Compiling axis v0.1.0 (https://gitlab.com/furkanhaney/axis.git?rev=d53d3354b989e04aabd68d032bd841111c88ad03#d53d3354)
   Compiling sudoku-transformer v0.2.0 (/workspace/sudoku-transformer)
    Finished `release` profile [optimized] target(s) in 7.41s
     Running `target/release/sudoku-transformer --steps 3 --batch 256 --eval-size 1 --eval-batch 1 --log-every 1 --embedding 64 --heads 2 --layers 4 --blanks 36 --learning-rate 1e-3 --weight-decay 1e-2`
model bidirectional-transformer layers=4 embedding=64 heads=2 parameters=206537 matrix_precision=fp32 accumulator_precision=fp32
initial eval_loss=2.623042 blank_accuracy=16.67% solved=0.00% eval_samples=1 eval_batch=1
PROFILE step=1 generation_s=0.003369 tensors_s=0.000426 trainer_s=34.492604
step=1 samples=256 pre_update_loss=2.748521
PROFILE step=2 generation_s=0.003884 tensors_s=0.000547 trainer_s=20.359098
step=2 samples=512 pre_update_loss=3.120066
PROFILE step=3 generation_s=0.004018 tensors_s=0.000484 trainer_s=21.049246
step=3 samples=768 pre_update_loss=2.618932
final eval_loss=2.473120 blank_accuracy=11.11% solved=0.00% elapsed_s=76.00
IDR STATUS

samples consumed:      768
unique sample IDs:     768
available population:  generated stream
observed reuse:         0.0000%
max observed reuse:     0.0000%

PASS
TRAIN/EVALUATION DISJOINTNESS

unique training IDs:    768
unique evaluation IDs:  1
observed overlap:        0

PASS
PASS: bidirectional Sudoku transformer trained on fresh generated boards
real 94.35
user 92.94
sys 9.95
